● Video  --vid=1  (qtrle 160x90 29.97 fps) [default]
○ Video  --vid=2  'b.mov' (qtrle 160x90 29.97 fps) [external]
○ Audio  --aid=1  (pcm_s16le 1ch 48000 Hz) [default]
○ Audio  --aid=2  (pcm_s16le 1ch 48000 Hz)
[vo/image] Creating output directory '/private/tmp/film-barcode-mpv-repro-20261009/frames'...
VO: [image] 160x90 rgb24
[vo/image] Saving /private/tmp/film-barcode-mpv-repro-20261009/frames/00000001.png
(Paused) V: 00:00:00 / 00:00:10 (0%)
[vo/image] Creating output directory '/private/tmp/film-barcode-mpv-repro-20261009/frames'...
(Paused) V: 00:00:00 / 00:00:10 (0%)
(Paused) AV: 00:00:00 / 00:00:10 (0%) A-V:  0.000
AV: 00:00:00 / 00:00:10 (0%) A-V:  0.000
VO: [image] 160x90 yuv444p
AV: 00:00:00 / 00:00:10 (0%) A-V:  0.000
[vo/image] Saving /private/tmp/film-barcode-mpv-repro-20261009/frames/00000001.png
AV: 00:00:00 / 00:00:10 (0%) A-V:  0.000
[ao/pcm] File: /private/tmp/film-barcode-mpv-repro-20261009/audio.wav (WAVE)
[ao/pcm] PCM: Samplerate: 48000 Hz Channels: 2 Format: s16
AV: 00:00:00 / 00:00:10 (0%) A-V:  0.000
AO: [pcm] 48000Hz stereo 2ch s16
AV: 00:00:00 / 00:00:10 (0%) A-V:  0.000

Audio/Video desynchronisation detected! Possible reasons include too slow
hardware, temporary CPU spikes, broken drivers, and broken files. Audio
position will not match to the video (see A-V status field).
Consider trying `--profile=fast` and/or `--hwdec=auto` as they may help.

AV: 00:00:00 / 00:00:10 (0%) A-V:  0.000
AV: 00:00:00 / 00:00:10 (0%) A-V:  1.332
[vo/image] Saving /private/tmp/film-barcode-mpv-repro-20261009/frames/00000002.png
AV: 00:00:00 / 00:00:10 (0%) A-V:  1.332
AV: 00:00:00 / 00:00:10 (0%) A-V:  1.299
[vo/image] Saving /private/tmp/film-barcode-mpv-repro-20261009/frames/00000003.png
AV: 00:00:00 / 00:00:10 (0%) A-V:  1.299
AV: 00:00:00 / 00:00:10 (1%) A-V:  1.265
[vo/image] Saving /private/tmp/film-barcode-mpv-repro-20261009/frames/00000004.png
AV: 00:00:00 / 00:00:10 (1%) A-V:  1.265
AV: 00:00:00 / 00:00:10 (1%) A-V:  1.232
[vo/image] Saving /private/tmp/film-barcode-mpv-repro-20261009/frames/00000005.png
AV: 00:00:00 / 00:00:10 (1%) A-V:  1.232
AV: 00:00:00 / 00:00:10 (1%) A-V:  1.198
[vo/image] Saving /private/tmp/film-barcode-mpv-repro-20261009/frames/00000006.png
AV: 00:00:00 / 00:00:10 (1%) A-V:  1.198
AV: 00:00:00 / 00:00:10 (2%) A-V:  1.165
[vo/image] Saving /private/tmp/film-barcode-mpv-repro-20261009/frames/00000007.png
AV: 00:00:00 / 00:00:10 (2%) A-V:  1.165
AV: 00:00:00 / 00:00:10 (2%) A-V:  1.132
[vo/image] Saving /private/tmp/film-barcode-mpv-repro-20261009/frames/00000008.png
AV: 00:00:00 / 00:00:10 (2%) A-V:  1.132
AV: 00:00:00 / 00:00:10 (2%) A-V:  1.098
[vo/image] Saving /private/tmp/film-barcode-mpv-repro-20261009/frames/00000009.png
AV: 00:00:00 / 00:00:10 (2%) A-V:  1.098
AV: 00:00:00 / 00:00:10 (3%) A-V:  1.065
[vo/image] Saving /private/tmp/film-barcode-mpv-repro-20261009/frames/00000010.png
AV: 00:00:00 / 00:00:10 (3%) A-V:  1.065
AV: 00:00:00 / 00:00:10 (3%) A-V:  1.032
[vo/image] Saving /private/tmp/film-barcode-mpv-repro-20261009/frames/00000011.png
AV: 00:00:00 / 00:00:10 (3%) A-V:  1.032
AV: 00:00:00 / 00:00:10 (3%) A-V:  0.998
[vo/image] Saving /private/tmp/film-barcode-mpv-repro-20261009/frames/00000012.png
AV: 00:00:00 / 00:00:10 (3%) A-V:  0.998
AV: 00:00:00 / 00:00:10 (4%) A-V:  0.965
[vo/image] Saving /private/tmp/film-barcode-mpv-repro-20261009/frames/00000013.png
AV: 00:00:00 / 00:00:10 (4%) A-V:  0.965
AV: 00:00:00 / 00:00:10 (4%) A-V:  0.932
[vo/image] Saving /private/tmp/film-barcode-mpv-repro-20261009/frames/00000014.png
AV: 00:00:00 / 00:00:10 (4%) A-V:  0.932
AV: 00:00:00 / 00:00:10 (4%) A-V:  0.898
[vo/image] Saving /private/tmp/film-barcode-mpv-repro-20261009/frames/00000015.png
AV: 00:00:00 / 00:00:10 (4%) A-V:  0.898
AV: 00:00:00 / 00:00:10 (5%) A-V:  0.865
[vo/image] Saving /private/tmp/film-barcode-mpv-repro-20261009/frames/00000016.png
AV: 00:00:00 / 00:00:10 (5%) A-V:  0.865
AV: 00:00:00 / 00:00:10 (5%) A-V:  0.831
[vo/image] Saving /private/tmp/film-barcode-mpv-repro-20261009/frames/00000017.png
AV: 00:00:00 / 00:00:10 (5%) A-V:  0.831
AV: 00:00:00 / 00:00:10 (5%) A-V:  0.798
[vo/image] Saving /private/tmp/film-barcode-mpv-repro-20261009/frames/00000018.png
AV: 00:00:00 / 00:00:10 (5%) A-V:  0.798
AV: 00:00:00 / 00:00:10 (6%) A-V:  0.765
[vo/image] Saving /private/tmp/film-barcode-mpv-repro-20261009/frames/00000019.png
AV: 00:00:00 / 00:00:10 (6%) A-V:  0.765
AV: 00:00:00 / 00:00:10 (6%) A-V:  0.731
[vo/image] Saving /private/tmp/film-barcode-mpv-repro-20261009/frames/00000020.png
AV: 00:00:00 / 00:00:10 (6%) A-V:  0.731
AV: 00:00:00 / 00:00:10 (6%) A-V:  0.698
[vo/image] Saving /private/tmp/film-barcode-mpv-repro-20261009/frames/00000021.png
AV: 00:00:00 / 00:00:10 (6%) A-V:  0.698
AV: 00:00:00 / 00:00:10 (7%) A-V:  0.665
[vo/image] Saving /private/tmp/film-barcode-mpv-repro-20261009/frames/00000022.png
AV: 00:00:00 / 00:00:10 (7%) A-V:  0.665
AV: 00:00:00 / 00:00:10 (7%) A-V:  0.631
[vo/image] Saving /private/tmp/film-barcode-mpv-repro-20261009/frames/00000023.png
AV: 00:00:00 / 00:00:10 (7%) A-V:  0.631
AV: 00:00:00 / 00:00:10 (7%) A-V:  0.598
[vo/image] Saving /private/tmp/film-barcode-mpv-repro-20261009/frames/00000024.png
AV: 00:00:00 / 00:00:10 (7%) A-V:  0.598
AV: 00:00:00 / 00:00:10 (8%) A-V:  0.565
[vo/image] Saving /private/tmp/film-barcode-mpv-repro-20261009/frames/00000025.png
AV: 00:00:00 / 00:00:10 (8%) A-V:  0.565
AV: 00:00:00 / 00:00:10 (8%) A-V:  0.531
[vo/image] Saving /private/tmp/film-barcode-mpv-repro-20261009/frames/00000026.png
AV: 00:00:00 / 00:00:10 (8%) A-V:  0.531
AV: 00:00:00 / 00:00:10 (8%) A-V:  0.498
[vo/image] Saving /private/tmp/film-barcode-mpv-repro-20261009/frames/00000027.png
AV: 00:00:00 / 00:00:10 (8%) A-V:  0.498
AV: 00:00:00 / 00:00:10 (9%) A-V:  0.464
[vo/image] Saving /private/tmp/film-barcode-mpv-repro-20261009/frames/00000028.png
AV: 00:00:00 / 00:00:10 (9%) A-V:  0.464
AV: 00:00:00 / 00:00:10 (9%) A-V:  0.431
[vo/image] Saving /private/tmp/film-barcode-mpv-repro-20261009/frames/00000029.png
AV: 00:00:00 / 00:00:10 (9%) A-V:  0.431
AV: 00:00:00 / 00:00:10 (9%) A-V:  0.398
[vo/image] Saving /private/tmp/film-barcode-mpv-repro-20261009/frames/00000030.png
AV: 00:00:00 / 00:00:10 (9%) A-V:  0.398
AV: 00:00:00 / 00:00:10 (10%) A-V:  0.364
[vo/image] Saving /private/tmp/film-barcode-mpv-repro-20261009/frames/00000031.png
AV: 00:00:00 / 00:00:10 (10%) A-V:  0.364
AV: 00:00:01 / 00:00:10 (10%) A-V:  0.331
[vo/image] Saving /private/tmp/film-barcode-mpv-repro-20261009/frames/00000032.png
AV: 00:00:01 / 00:00:10 (10%) A-V:  0.331
AV: 00:00:01 / 00:00:10 (10%) A-V:  0.298
[vo/image] Saving /private/tmp/film-barcode-mpv-repro-20261009/frames/00000033.png
AV: 00:00:01 / 00:00:10 (10%) A-V:  0.298
AV: 00:00:01 / 00:00:10 (11%) A-V:  0.264
[vo/image] Saving /private/tmp/film-barcode-mpv-repro-20261009/frames/00000034.png
AV: 00:00:01 / 00:00:10 (11%) A-V:  0.264
AV: 00:00:01 / 00:00:10 (11%) A-V:  0.231
[vo/image] Saving /private/tmp/film-barcode-mpv-repro-20261009/frames/00000035.png
AV: 00:00:01 / 00:00:10 (11%) A-V:  0.231
AV: 00:00:01 / 00:00:10 (11%) A-V:  0.197
[vo/image] Saving /private/tmp/film-barcode-mpv-repro-20261009/frames/00000036.png
AV: 00:00:01 / 00:00:10 (11%) A-V:  0.197
AV: 00:00:01 / 00:00:10 (12%) A-V:  0.164
[vo/image] Saving /private/tmp/film-barcode-mpv-repro-20261009/frames/00000037.png
AV: 00:00:01 / 00:00:10 (12%) A-V:  0.164
AV: 00:00:01 / 00:00:10 (12%) A-V:  0.131
[vo/image] Saving /private/tmp/film-barcode-mpv-repro-20261009/frames/00000038.png
AV: 00:00:01 / 00:00:10 (12%) A-V:  0.131
AV: 00:00:01 / 00:00:10 (12%) A-V:  0.097
[vo/image] Saving /private/tmp/film-barcode-mpv-repro-20261009/frames/00000039.png
AV: 00:00:01 / 00:00:10 (12%) A-V:  0.097
AV: 00:00:01 / 00:00:10 (13%) A-V:  0.064
[vo/image] Saving /private/tmp/film-barcode-mpv-repro-20261009/frames/00000040.png
AV: 00:00:01 / 00:00:10 (13%) A-V:  0.064
AV: 00:00:01 / 00:00:10 (13%) A-V:  0.031
[vo/image] Saving /private/tmp/film-barcode-mpv-repro-20261009/frames/00000041.png
AV: 00:00:01 / 00:00:10 (13%) A-V:  0.031
AV: 00:00:01 / 00:00:10 (13%) A-V: -0.003
[vo/image] Saving /private/tmp/film-barcode-mpv-repro-20261009/frames/00000042.png
AV: 00:00:01 / 00:00:10 (13%) A-V: -0.003
AV: 00:00:01 / 00:00:10 (14%) A-V: -0.015
[vo/image] Saving /private/tmp/film-barcode-mpv-repro-20261009/frames/00000043.png
AV: 00:00:01 / 00:00:10 (14%) A-V: -0.015
AV: 00:00:01 / 00:00:10 (14%) A-V: -0.027
[vo/image] Saving /private/tmp/film-barcode-mpv-repro-20261009/frames/00000044.png
AV: 00:00:01 / 00:00:10 (14%) A-V: -0.027
AV: 00:00:01 / 00:00:10 (14%) A-V: -0.017
[vo/image] Saving /private/tmp/film-barcode-mpv-repro-20261009/frames/00000045.png
AV: 00:00:01 / 00:00:10 (14%) A-V: -0.017
AV: 00:00:01 / 00:00:10 (15%) A-V: -0.008
[vo/image] Saving /private/tmp/film-barcode-mpv-repro-20261009/frames/00000046.png
AV: 00:00:01 / 00:00:10 (15%) A-V: -0.008
AV: 00:00:01 / 00:00:10 (15%) A-V: -0.020
[vo/image] Saving /private/tmp/film-barcode-mpv-repro-20261009/frames/00000047.png
AV: 00:00:01 / 00:00:10 (15%) A-V: -0.020
AV: 00:00:01 / 00:00:10 (15%) A-V:  0.010
[vo/image] Saving /private/tmp/film-barcode-mpv-repro-20261009/frames/00000048.png
AV: 00:00:01 / 00:00:10 (15%) A-V:  0.010
AV: 00:00:01 / 00:00:10 (16%) A-V: -0.023
[vo/image] Saving /private/tmp/film-barcode-mpv-repro-20261009/frames/00000049.png
AV: 00:00:01 / 00:00:10 (16%) A-V: -0.023
AV: 00:00:01 / 00:00:10 (16%) A-V: -0.014
[vo/image] Saving /private/tmp/film-barcode-mpv-repro-20261009/frames/00000050.png
AV: 00:00:01 / 00:00:10 (16%) A-V: -0.014
AV: 00:00:01 / 00:00:10 (16%) A-V: -0.026
[vo/image] Saving /private/tmp/film-barcode-mpv-repro-20261009/frames/00000051.png
AV: 00:00:01 / 00:00:10 (16%) A-V: -0.026
AV: 00:00:01 / 00:00:10 (17%) A-V: -0.016
[vo/image] Saving /private/tmp/film-barcode-mpv-repro-20261009/frames/00000052.png
AV: 00:00:01 / 00:00:10 (17%) A-V: -0.016
AV: 00:00:01 / 00:00:10 (17%) A-V: -0.028
[vo/image] Saving /private/tmp/film-barcode-mpv-repro-20261009/frames/00000053.png
AV: 00:00:01 / 00:00:10 (17%) A-V: -0.028
AV: 00:00:01 / 00:00:10 (17%) A-V: -0.019
[vo/image] Saving /private/tmp/film-barcode-mpv-repro-20261009/frames/00000054.png
AV: 00:00:01 / 00:00:10 (17%) A-V: -0.019
AV: 00:00:01 / 00:00:10 (18%) A-V: -0.031
[vo/image] Saving /private/tmp/film-barcode-mpv-repro-20261009/frames/00000055.png
AV: 00:00:01 / 00:00:10 (18%) A-V: -0.031
AV: 00:00:01 / 00:00:10 (18%) A-V:  0.021
[vo/image] Saving /private/tmp/film-barcode-mpv-repro-20261009/frames/00000056.png
AV: 00:00:01 / 00:00:10 (18%) A-V:  0.021
AV: 00:00:01 / 00:00:10 (18%) A-V: -0.013
[vo/image] Saving /private/tmp/film-barcode-mpv-repro-20261009/frames/00000057.png
AV: 00:00:01 / 00:00:10 (18%) A-V: -0.013
AV: 00:00:01 / 00:00:10 (19%) A-V: -0.025
[vo/image] Saving /private/tmp/film-barcode-mpv-repro-20261009/frames/00000058.png
AV: 00:00:01 / 00:00:10 (19%) A-V: -0.025
AV: 00:00:01 / 00:00:10 (19%) A-V: -0.015
[vo/image] Saving /private/tmp/film-barcode-mpv-repro-20261009/frames/00000059.png
AV: 00:00:01 / 00:00:10 (19%) A-V: -0.015
AV: 00:00:01 / 00:00:10 (19%) A-V: -0.027
[vo/image] Saving /private/tmp/film-barcode-mpv-repro-20261009/frames/00000060.png
AV: 00:00:01 / 00:00:10 (19%) A-V: -0.027
AV: 00:00:01 / 00:00:10 (20%) A-V: -0.018
[vo/image] Saving /private/tmp/film-barcode-mpv-repro-20261009/frames/00000061.png
AV: 00:00:01 / 00:00:10 (20%) A-V: -0.018
AV: 00:00:02 / 00:00:10 (20%) A-V: -0.030
[vo/image] Saving /private/tmp/film-barcode-mpv-repro-20261009/frames/00000062.png
AV: 00:00:02 / 00:00:10 (20%) A-V: -0.030
AV: 00:00:02 / 00:00:10 (20%) A-V:  0.001
[vo/image] Saving /private/tmp/film-barcode-mpv-repro-20261009/frames/00000063.png
AV: 00:00:02 / 00:00:10 (20%) A-V:  0.001
AV: 00:00:02 / 00:00:10 (21%) A-V: -0.033
[vo/image] Saving /private/tmp/film-barcode-mpv-repro-20261009/frames/00000064.png
AV: 00:00:02 / 00:00:10 (21%) A-V: -0.033
AV: 00:00:02 / 00:00:10 (21%) A-V: -0.023
[vo/image] Saving /private/tmp/film-barcode-mpv-repro-20261009/frames/00000065.png
AV: 00:00:02 / 00:00:10 (21%) A-V: -0.023
AV: 00:00:02 / 00:00:10 (21%) A-V: -0.014
[vo/image] Saving /private/tmp/film-barcode-mpv-repro-20261009/frames/00000066.png
AV: 00:00:02 / 00:00:10 (21%) A-V: -0.014
AV: 00:00:02 / 00:00:10 (22%) A-V: -0.026
[vo/image] Saving /private/tmp/film-barcode-mpv-repro-20261009/frames/00000067.png
AV: 00:00:02 / 00:00:10 (22%) A-V: -0.026
AV: 00:00:02 / 00:00:10 (22%) A-V: -0.017
[vo/image] Saving /private/tmp/film-barcode-mpv-repro-20261009/frames/00000068.png
AV: 00:00:02 / 00:00:10 (22%) A-V: -0.017
AV: 00:00:02 / 00:00:10 (22%) A-V: -0.029
[vo/image] Saving /private/tmp/film-barcode-mpv-repro-20261009/frames/00000069.png
AV: 00:00:02 / 00:00:10 (22%) A-V: -0.029
AV: 00:00:02 / 00:00:10 (23%) A-V:  0.002
[vo/image] Saving /private/tmp/film-barcode-mpv-repro-20261009/frames/00000070.png
AV: 00:00:02 / 00:00:10 (23%) A-V:  0.002
AV: 00:00:02 / 00:00:10 (23%) A-V: -0.032
[vo/image] Saving /private/tmp/film-barcode-mpv-repro-20261009/frames/00000071.png
AV: 00:00:02 / 00:00:10 (23%) A-V: -0.032
AV: 00:00:02 / 00:00:10 (23%) A-V: -0.022
[vo/image] Saving /private/tmp/film-barcode-mpv-repro-20261009/frames/00000072.png
AV: 00:00:02 / 00:00:10 (23%) A-V: -0.022
AV: 00:00:02 / 00:00:10 (24%) A-V: -0.013
[vo/image] Saving /private/tmp/film-barcode-mpv-repro-20261009/frames/00000073.png
AV: 00:00:02 / 00:00:10 (24%) A-V: -0.013
AV: 00:00:02 / 00:00:10 (24%) A-V: -0.025
[vo/image] Saving /private/tmp/film-barcode-mpv-repro-20261009/frames/00000074.png
AV: 00:00:02 / 00:00:10 (24%) A-V: -0.025
AV: 00:00:02 / 00:00:10 (24%) A-V: -0.016
[vo/image] Saving /private/tmp/film-barcode-mpv-repro-20261009/frames/00000075.png
AV: 00:00:02 / 00:00:10 (24%) A-V: -0.016
AV: 00:00:02 / 00:00:10 (25%) A-V: -0.028
[vo/image] Saving /private/tmp/film-barcode-mpv-repro-20261009/frames/00000076.png
AV: 00:00:02 / 00:00:10 (25%) A-V: -0.028
AV: 00:00:02 / 00:00:10 (25%) A-V:  0.003
[vo/image] Saving /private/tmp/film-barcode-mpv-repro-20261009/frames/00000077.png
AV: 00:00:02 / 00:00:10 (25%) A-V:  0.003
AV: 00:00:02 / 00:00:10 (25%) A-V: -0.031
[vo/image] Saving /private/tmp/film-barcode-mpv-repro-20261009/frames/00000078.png
AV: 00:00:02 / 00:00:10 (25%) A-V: -0.031
AV: 00:00:02 / 00:00:10 (26%) A-V: -0.021
[vo/image] Saving /private/tmp/film-barcode-mpv-repro-20261009/frames/00000079.png
AV: 00:00:02 / 00:00:10 (26%) A-V: -0.021
AV: 00:00:02 / 00:00:10 (26%) A-V: -0.033
[vo/image] Saving /private/tmp/film-barcode-mpv-repro-20261009/frames/00000080.png
AV: 00:00:02 / 00:00:10 (26%) A-V: -0.033
AV: 00:00:02 / 00:00:10 (26%) A-V: -0.024
[vo/image] Saving /private/tmp/film-barcode-mpv-repro-20261009/frames/00000081.png
AV: 00:00:02 / 00:00:10 (26%) A-V: -0.024
AV: 00:00:02 / 00:00:10 (27%) A-V:  0.007
[vo/image] Saving /private/tmp/film-barcode-mpv-repro-20261009/frames/00000082.png
AV: 00:00:02 / 00:00:10 (27%) A-V:  0.007
AV: 00:00:02 / 00:00:10 (27%) A-V: -0.027
[vo/image] Saving /private/tmp/film-barcode-mpv-repro-20261009/frames/00000083.png
AV: 00:00:02 / 00:00:10 (27%) A-V: -0.027
AV: 00:00:02 / 00:00:10 (27%) A-V:  0.004
[vo/image] Saving /private/tmp/film-barcode-mpv-repro-20261009/frames/00000084.png
AV: 00:00:02 / 00:00:10 (27%) A-V:  0.004
AV: 00:00:02 / 00:00:10 (28%) A-V: -0.029
[vo/image] Saving /private/tmp/film-barcode-mpv-repro-20261009/frames/00000085.png
AV: 00:00:02 / 00:00:10 (28%) A-V: -0.029
AV: 00:00:02 / 00:00:10 (28%) A-V: -0.020
[vo/image] Saving /private/tmp/film-barcode-mpv-repro-20261009/frames/00000086.png
AV: 00:00:02 / 00:00:10 (28%) A-V: -0.020
AV: 00:00:02 / 00:00:10 (28%) A-V: -0.032
[vo/image] Saving /private/tmp/film-barcode-mpv-repro-20261009/frames/00000087.png
AV: 00:00:02 / 00:00:10 (28%) A-V: -0.032
AV: 00:00:02 / 00:00:10 (29%) A-V: -0.023
[vo/image] Saving /private/tmp/film-barcode-mpv-repro-20261009/frames/00000088.png
AV: 00:00:02 / 00:00:10 (29%) A-V: -0.023
AV: 00:00:02 / 00:00:10 (29%) A-V: -0.014
[vo/image] Saving /private/tmp/film-barcode-mpv-repro-20261009/frames/00000089.png
AV: 00:00:02 / 00:00:10 (29%) A-V: -0.014
AV: 00:00:02 / 00:00:10 (29%) A-V:  0.017
[vo/image] Saving /private/tmp/film-barcode-mpv-repro-20261009/frames/00000090.png
AV: 00:00:02 / 00:00:10 (29%) A-V:  0.017
AV: 00:00:02 / 00:00:10 (30%) A-V: -0.016
[vo/image] Saving /private/tmp/film-barcode-mpv-repro-20261009/frames/00000091.png
AV: 00:00:02 / 00:00:10 (30%) A-V: -0.016
AV: 00:00:03 / 00:00:10 (30%) A-V:  0.014
[vo/image] Saving /private/tmp/film-barcode-mpv-repro-20261009/frames/00000092.png
AV: 00:00:03 / 00:00:10 (30%) A-V:  0.014
AV: 00:00:03 / 00:00:10 (30%) A-V: -0.019
[vo/image] Saving /private/tmp/film-barcode-mpv-repro-20261009/frames/00000093.png
AV: 00:00:03 / 00:00:10 (30%) A-V: -0.019
AV: 00:00:03 / 00:00:10 (31%) A-V: -0.031
[vo/image] Saving /private/tmp/film-barcode-mpv-repro-20261009/frames/00000094.png
AV: 00:00:03 / 00:00:10 (31%) A-V: -0.031
AV: 00:00:03 / 00:00:10 (31%) A-V: -0.022
[vo/image] Saving /private/tmp/film-barcode-mpv-repro-20261009/frames/00000095.png
AV: 00:00:03 / 00:00:10 (31%) A-V: -0.022
AV: 00:00:03 / 00:00:10 (31%) A-V: -0.013
[vo/image] Saving /private/tmp/film-barcode-mpv-repro-20261009/frames/00000096.png
AV: 00:00:03 / 00:00:10 (31%) A-V: -0.013
AV: 00:00:03 / 00:00:10 (32%) A-V: -0.025
[vo/image] Saving /private/tmp/film-barcode-mpv-repro-20261009/frames/00000097.png
AV: 00:00:03 / 00:00:10 (32%) A-V: -0.025
AV: 00:00:03 / 00:00:10 (32%) A-V:  0.006
[vo/image] Saving /private/tmp/film-barcode-mpv-repro-20261009/frames/00000098.png
AV: 00:00:03 / 00:00:10 (32%) A-V:  0.006
AV: 00:00:03 / 00:00:10 (32%) A-V: -0.027
[vo/image] Saving /private/tmp/film-barcode-mpv-repro-20261009/frames/00000099.png
AV: 00:00:03 / 00:00:10 (32%) A-V: -0.027
AV: 00:00:03 / 00:00:10 (33%) A-V: -0.018
[vo/image] Saving /private/tmp/film-barcode-mpv-repro-20261009/frames/00000100.png
AV: 00:00:03 / 00:00:10 (33%) A-V: -0.018
AV: 00:00:03 / 00:00:10 (33%) A-V: -0.030
[vo/image] Saving /private/tmp/film-barcode-mpv-repro-20261009/frames/00000101.png
AV: 00:00:03 / 00:00:10 (33%) A-V: -0.030
AV: 00:00:03 / 00:00:10 (33%) A-V: -0.021
[vo/image] Saving /private/tmp/film-barcode-mpv-repro-20261009/frames/00000102.png
AV: 00:00:03 / 00:00:10 (33%) A-V: -0.021
AV: 00:00:03 / 00:00:10 (34%) A-V: -0.033
[vo/image] Saving /private/tmp/film-barcode-mpv-repro-20261009/frames/00000103.png
AV: 00:00:03 / 00:00:10 (34%) A-V: -0.033
AV: 00:00:03 / 00:00:10 (34%) A-V:  0.019
[vo/image] Saving /private/tmp/film-barcode-mpv-repro-20261009/frames/00000104.png
AV: 00:00:03 / 00:00:10 (34%) A-V:  0.019
AV: 00:00:03 / 00:00:10 (34%) A-V: -0.014
[vo/image] Saving /private/tmp/film-barcode-mpv-repro-20261009/frames/00000105.png
AV: 00:00:03 / 00:00:10 (34%) A-V: -0.014
AV: 00:00:03 / 00:00:10 (35%) A-V:  0.016
[vo/image] Saving /private/tmp/film-barcode-mpv-repro-20261009/frames/00000106.png
AV: 00:00:03 / 00:00:10 (35%) A-V:  0.016
AV: 00:00:03 / 00:00:10 (35%) A-V: -0.017
[vo/image] Saving /private/tmp/film-barcode-mpv-repro-20261009/frames/00000107.png
AV: 00:00:03 / 00:00:10 (35%) A-V: -0.017
AV: 00:00:03 / 00:00:10 (35%) A-V: -0.029
[vo/image] Saving /private/tmp/film-barcode-mpv-repro-20261009/frames/00000108.png
AV: 00:00:03 / 00:00:10 (35%) A-V: -0.029
AV: 00:00:03 / 00:00:10 (36%) A-V: -0.020
[vo/image] Saving /private/tmp/film-barcode-mpv-repro-20261009/frames/00000109.png
AV: 00:00:03 / 00:00:10 (36%) A-V: -0.020
AV: 00:00:03 / 00:00:10 (36%) A-V: -0.032
[vo/image] Saving /private/tmp/film-barcode-mpv-repro-20261009/frames/00000110.png
AV: 00:00:03 / 00:00:10 (36%) A-V: -0.032
AV: 00:00:03 / 00:00:10 (36%) A-V: -0.022
[vo/image] Saving /private/tmp/film-barcode-mpv-repro-20261009/frames/00000111.png
AV: 00:00:03 / 00:00:10 (36%) A-V: -0.022
AV: 00:00:03 / 00:00:10 (37%) A-V:  0.008
[vo/image] Saving /private/tmp/film-barcode-mpv-repro-20261009/frames/00000112.png
AV: 00:00:03 / 00:00:10 (37%) A-V:  0.008
AV: 00:00:03 / 00:00:10 (37%) A-V: -0.025
[vo/image] Saving /private/tmp/film-barcode-mpv-repro-20261009/frames/00000113.png
AV: 00:00:03 / 00:00:10 (37%) A-V: -0.025
AV: 00:00:03 / 00:00:10 (37%) A-V: -0.016
[vo/image] Saving /private/tmp/film-barcode-mpv-repro-20261009/frames/00000114.png
AV: 00:00:03 / 00:00:10 (37%) A-V: -0.016
AV: 00:00:03 / 00:00:10 (38%) A-V: -0.028
[vo/image] Saving /private/tmp/film-barcode-mpv-repro-20261009/frames/00000115.png
AV: 00:00:03 / 00:00:10 (38%) A-V: -0.028
AV: 00:00:03 / 00:00:10 (38%) A-V:  0.003
[vo/image] Saving /private/tmp/film-barcode-mpv-repro-20261009/frames/00000116.png
AV: 00:00:03 / 00:00:10 (38%) A-V:  0.003
AV: 00:00:03 / 00:00:10 (38%) A-V: -0.031
[vo/image] Saving /private/tmp/film-barcode-mpv-repro-20261009/frames/00000117.png
AV: 00:00:03 / 00:00:10 (38%) A-V: -0.031
AV: 00:00:03 / 00:00:10 (39%) A-V: -0.021
[vo/image] Saving /private/tmp/film-barcode-mpv-repro-20261009/frames/00000118.png
AV: 00:00:03 / 00:00:10 (39%) A-V: -0.021
AV: 00:00:03 / 00:00:10 (39%) A-V: -0.033
[vo/image] Saving /private/tmp/film-barcode-mpv-repro-20261009/frames/00000119.png
AV: 00:00:03 / 00:00:10 (39%) A-V: -0.033
AV: 00:00:03 / 00:00:10 (39%) A-V: -0.024
[vo/image] Saving /private/tmp/film-barcode-mpv-repro-20261009/frames/00000120.png
AV: 00:00:03 / 00:00:10 (39%) A-V: -0.024
AV: 00:00:03 / 00:00:10 (40%) A-V:  0.007
[vo/image] Saving /private/tmp/film-barcode-mpv-repro-20261009/frames/00000121.png
AV: 00:00:03 / 00:00:10 (40%) A-V:  0.007
AV: 00:00:04 / 00:00:10 (40%) A-V: -0.027
[vo/image] Saving /private/tmp/film-barcode-mpv-repro-20261009/frames/00000122.png
AV: 00:00:04 / 00:00:10 (40%) A-V: -0.027
AV: 00:00:04 / 00:00:10 (40%) A-V:  0.004
[vo/image] Saving /private/tmp/film-barcode-mpv-repro-20261009/frames/00000123.png
AV: 00:00:04 / 00:00:10 (40%) A-V:  0.004
AV: 00:00:04 / 00:00:10 (41%) A-V: -0.029
[vo/image] Saving /private/tmp/film-barcode-mpv-repro-20261009/frames/00000124.png
AV: 00:00:04 / 00:00:10 (41%) A-V: -0.029
AV: 00:00:04 / 00:00:10 (41%) A-V: -0.020
[vo/image] Saving /private/tmp/film-barcode-mpv-repro-20261009/frames/00000125.png
AV: 00:00:04 / 00:00:10 (41%) A-V: -0.020
AV: 00:00:04 / 00:00:10 (41%) A-V:  0.011
[vo/image] Saving /private/tmp/film-barcode-mpv-repro-20261009/frames/00000126.png
AV: 00:00:04 / 00:00:10 (41%) A-V:  0.011
AV: 00:00:04 / 00:00:10 (42%) A-V: -0.023
[vo/image] Saving /private/tmp/film-barcode-mpv-repro-20261009/frames/00000127.png
AV: 00:00:04 / 00:00:10 (42%) A-V: -0.023
AV: 00:00:04 / 00:00:10 (42%) A-V: -0.014
[vo/image] Saving /private/tmp/film-barcode-mpv-repro-20261009/frames/00000128.png
AV: 00:00:04 / 00:00:10 (42%) A-V: -0.014
AV: 00:00:04 / 00:00:10 (42%) A-V:  0.017
[vo/image] Saving /private/tmp/film-barcode-mpv-repro-20261009/frames/00000129.png
AV: 00:00:04 / 00:00:10 (42%) A-V:  0.017
AV: 00:00:04 / 00:00:10 (43%) A-V: -0.016
[vo/image] Saving /private/tmp/film-barcode-mpv-repro-20261009/frames/00000130.png
AV: 00:00:04 / 00:00:10 (43%) A-V: -0.016
AV: 00:00:04 / 00:00:10 (43%) A-V:  0.014
[vo/image] Saving /private/tmp/film-barcode-mpv-repro-20261009/frames/00000131.png
AV: 00:00:04 / 00:00:10 (43%) A-V:  0.014
AV: 00:00:04 / 00:00:10 (43%) A-V: -0.019
[vo/image] Saving /private/tmp/film-barcode-mpv-repro-20261009/frames/00000132.png
AV: 00:00:04 / 00:00:10 (43%) A-V: -0.019
AV: 00:00:04 / 00:00:10 (44%) A-V: -0.031
[vo/image] Saving /private/tmp/film-barcode-mpv-repro-20261009/frames/00000133.png
AV: 00:00:04 / 00:00:10 (44%) A-V: -0.031
AV: 00:00:04 / 00:00:10 (44%) A-V:  0.021
[vo/image] Saving /private/tmp/film-barcode-mpv-repro-20261009/frames/00000134.png
AV: 00:00:04 / 00:00:10 (44%) A-V:  0.021
AV: 00:00:04 / 00:00:10 (44%) A-V: -0.012
[vo/image] Saving /private/tmp/film-barcode-mpv-repro-20261009/frames/00000135.png
AV: 00:00:04 / 00:00:10 (44%) A-V: -0.012
AV: 00:00:04 / 00:00:10 (45%) A-V:  0.018
[vo/image] Saving /private/tmp/film-barcode-mpv-repro-20261009/frames/00000136.png
AV: 00:00:04 / 00:00:10 (45%) A-V:  0.018
AV: 00:00:04 / 00:00:10 (45%) A-V: -0.015
[vo/image] Saving /private/tmp/film-barcode-mpv-repro-20261009/frames/00000137.png
AV: 00:00:04 / 00:00:10 (45%) A-V: -0.015
AV: 00:00:04 / 00:00:10 (45%) A-V: -0.027
[vo/image] Saving /private/tmp/film-barcode-mpv-repro-20261009/frames/00000138.png
AV: 00:00:04 / 00:00:10 (45%) A-V: -0.027
AV: 00:00:04 / 00:00:10 (46%) A-V: -0.018
[vo/image] Saving /private/tmp/film-barcode-mpv-repro-20261009/frames/00000139.png
AV: 00:00:04 / 00:00:10 (46%) A-V: -0.018
AV: 00:00:04 / 00:00:10 (46%) A-V: -0.030
[vo/image] Saving /private/tmp/film-barcode-mpv-repro-20261009/frames/00000140.png
AV: 00:00:04 / 00:00:10 (46%) A-V: -0.030
AV: 00:00:04 / 00:00:10 (46%) A-V:  0.001
[vo/image] Saving /private/tmp/film-barcode-mpv-repro-20261009/frames/00000141.png
AV: 00:00:04 / 00:00:10 (46%) A-V:  0.001
AV: 00:00:04 / 00:00:10 (47%) A-V: -0.033
[vo/image] Saving /private/tmp/film-barcode-mpv-repro-20261009/frames/00000142.png
AV: 00:00:04 / 00:00:10 (47%) A-V: -0.033
AV: 00:00:04 / 00:00:10 (47%) A-V: -0.023
[vo/image] Saving /private/tmp/film-barcode-mpv-repro-20261009/frames/00000143.png
AV: 00:00:04 / 00:00:10 (47%) A-V: -0.023
AV: 00:00:04 / 00:00:10 (47%) A-V: -0.014
[vo/image] Saving /private/tmp/film-barcode-mpv-repro-20261009/frames/00000144.png
AV: 00:00:04 / 00:00:10 (47%) A-V: -0.014
AV: 00:00:04 / 00:00:10 (48%) A-V: -0.026
[vo/image] Saving /private/tmp/film-barcode-mpv-repro-20261009/frames/00000145.png
AV: 00:00:04 / 00:00:10 (48%) A-V: -0.026
AV: 00:00:04 / 00:00:10 (48%) A-V:  0.005
[vo/image] Saving /private/tmp/film-barcode-mpv-repro-20261009/frames/00000146.png
AV: 00:00:04 / 00:00:10 (48%) A-V:  0.005
AV: 00:00:04 / 00:00:10 (48%) A-V: -0.029
[vo/image] Saving /private/tmp/film-barcode-mpv-repro-20261009/frames/00000147.png
AV: 00:00:04 / 00:00:10 (48%) A-V: -0.029
AV: 00:00:04 / 00:00:10 (49%) A-V: -0.020
[vo/image] Saving /private/tmp/film-barcode-mpv-repro-20261009/frames/00000148.png
AV: 00:00:04 / 00:00:10 (49%) A-V: -0.020
AV: 00:00:04 / 00:00:10 (49%) A-V: -0.010
[vo/image] Saving /private/tmp/film-barcode-mpv-repro-20261009/frames/00000149.png
AV: 00:00:04 / 00:00:10 (49%) A-V: -0.010
AV: 00:00:04 / 00:00:10 (49%) A-V: -0.022
[vo/image] Saving /private/tmp/film-barcode-mpv-repro-20261009/frames/00000150.png
AV: 00:00:04 / 00:00:10 (49%) A-V: -0.022
AV: 00:00:04 / 00:00:10 (50%) A-V:  0.008
[vo/image] Saving /private/tmp/film-barcode-mpv-repro-20261009/frames/00000151.png
AV: 00:00:04 / 00:00:10 (50%) A-V:  0.008
AV: 00:00:05 / 00:00:10 (50%) A-V: -0.025
[vo/image] Saving /private/tmp/film-barcode-mpv-repro-20261009/frames/00000152.png
AV: 00:00:05 / 00:00:10 (50%) A-V: -0.025
AV: 00:00:05 / 00:00:10 (50%) A-V: -0.016
[vo/image] Saving /private/tmp/film-barcode-mpv-repro-20261009/frames/00000153.png
AV: 00:00:05 / 00:00:10 (50%) A-V: -0.016
AV: 00:00:05 / 00:00:10 (51%) A-V:  0.015
[vo/image] Saving /private/tmp/film-barcode-mpv-repro-20261009/frames/00000154.png
AV: 00:00:05 / 00:00:10 (51%) A-V:  0.015
AV: 00:00:05 / 00:00:10 (51%) A-V: -0.018
[vo/image] Saving /private/tmp/film-barcode-mpv-repro-20261009/frames/00000155.png
AV: 00:00:05 / 00:00:10 (51%) A-V: -0.018
AV: 00:00:05 / 00:00:10 (51%) A-V: -0.030
[vo/image] Saving /private/tmp/film-barcode-mpv-repro-20261009/frames/00000156.png
AV: 00:00:05 / 00:00:10 (51%) A-V: -0.030
AV: 00:00:05 / 00:00:10 (52%) A-V:  0.000
[vo/image] Saving /private/tmp/film-barcode-mpv-repro-20261009/frames/00000157.png
AV: 00:00:05 / 00:00:10 (52%) A-V:  0.000
AV: 00:00:05 / 00:00:10 (52%) A-V: -0.033
[vo/image] Saving /private/tmp/film-barcode-mpv-repro-20261009/frames/00000158.png
AV: 00:00:05 / 00:00:10 (52%) A-V: -0.033
AV: 00:00:05 / 00:00:10 (52%) A-V: -0.024
[vo/image] Saving /private/tmp/film-barcode-mpv-repro-20261009/frames/00000159.png
AV: 00:00:05 / 00:00:10 (52%) A-V: -0.024
AV: 00:00:05 / 00:00:10 (53%) A-V:  0.007
[vo/image] Saving /private/tmp/film-barcode-mpv-repro-20261009/frames/00000160.png
AV: 00:00:05 / 00:00:10 (53%) A-V:  0.007
AV: 00:00:05 / 00:00:10 (53%) A-V: -0.027
[vo/image] Saving /private/tmp/film-barcode-mpv-repro-20261009/frames/00000161.png
AV: 00:00:05 / 00:00:10 (53%) A-V: -0.027
AV: 00:00:05 / 00:00:10 (53%) A-V: -0.017
[vo/image] Saving /private/tmp/film-barcode-mpv-repro-20261009/frames/00000162.png
AV: 00:00:05 / 00:00:10 (53%) A-V: -0.017
AV: 00:00:05 / 00:00:10 (54%) A-V:  0.013
[vo/image] Saving /private/tmp/film-barcode-mpv-repro-20261009/frames/00000163.png
AV: 00:00:05 / 00:00:10 (54%) A-V:  0.013
AV: 00:00:05 / 00:00:10 (54%) A-V: -0.020
[vo/image] Saving /private/tmp/film-barcode-mpv-repro-20261009/frames/00000164.png
AV: 00:00:05 / 00:00:10 (54%) A-V: -0.020
AV: 00:00:05 / 00:00:10 (54%) A-V: -0.032
[vo/image] Saving /private/tmp/film-barcode-mpv-repro-20261009/frames/00000165.png
AV: 00:00:05 / 00:00:10 (54%) A-V: -0.032
AV: 00:00:05 / 00:00:10 (55%) A-V:  0.020
[vo/image] Saving /private/tmp/film-barcode-mpv-repro-20261009/frames/00000166.png
AV: 00:00:05 / 00:00:10 (55%) A-V:  0.020
AV: 00:00:05 / 00:00:10 (55%) A-V: -0.014
[vo/image] Saving /private/tmp/film-barcode-mpv-repro-20261009/frames/00000167.png
AV: 00:00:05 / 00:00:10 (55%) A-V: -0.014
AV: 00:00:05 / 00:00:10 (55%) A-V: -0.026
[vo/image] Saving /private/tmp/film-barcode-mpv-repro-20261009/frames/00000168.png
AV: 00:00:05 / 00:00:10 (55%) A-V: -0.026
AV: 00:00:05 / 00:00:10 (56%) A-V:  0.005
[vo/image] Saving /private/tmp/film-barcode-mpv-repro-20261009/frames/00000169.png
AV: 00:00:05 / 00:00:10 (56%) A-V:  0.005
AV: 00:00:05 / 00:00:10 (56%) A-V: -0.028
[vo/image] Saving /private/tmp/film-barcode-mpv-repro-20261009/frames/00000170.png
AV: 00:00:05 / 00:00:10 (56%) A-V: -0.028
AV: 00:00:05 / 00:00:10 (56%) A-V: -0.019
[vo/image] Saving /private/tmp/film-barcode-mpv-repro-20261009/frames/00000171.png
AV: 00:00:05 / 00:00:10 (56%) A-V: -0.019
AV: 00:00:05 / 00:00:10 (57%) A-V:  0.012
[vo/image] Saving /private/tmp/film-barcode-mpv-repro-20261009/frames/00000172.png
AV: 00:00:05 / 00:00:10 (57%) A-V:  0.012
AV: 00:00:05 / 00:00:10 (57%) A-V: -0.022
[vo/image] Saving /private/tmp/film-barcode-mpv-repro-20261009/frames/00000173.png
AV: 00:00:05 / 00:00:10 (57%) A-V: -0.022
AV: 00:00:05 / 00:00:10 (57%) A-V: -0.012
[vo/image] Saving /private/tmp/film-barcode-mpv-repro-20261009/frames/00000174.png
AV: 00:00:05 / 00:00:10 (57%) A-V: -0.012
AV: 00:00:05 / 00:00:10 (58%) A-V:  0.018
[vo/image] Saving /private/tmp/film-barcode-mpv-repro-20261009/frames/00000175.png
AV: 00:00:05 / 00:00:10 (58%) A-V:  0.018
AV: 00:00:05 / 00:00:10 (58%) A-V: -0.015
[vo/image] Saving /private/tmp/film-barcode-mpv-repro-20261009/frames/00000176.png
AV: 00:00:05 / 00:00:10 (58%) A-V: -0.015
AV: 00:00:05 / 00:00:10 (58%) A-V: -0.027
[vo/image] Saving /private/tmp/film-barcode-mpv-repro-20261009/frames/00000177.png
AV: 00:00:05 / 00:00:10 (58%) A-V: -0.027
AV: 00:00:05 / 00:00:10 (59%) A-V:  0.003
[vo/image] Saving /private/tmp/film-barcode-mpv-repro-20261009/frames/00000178.png
AV: 00:00:05 / 00:00:10 (59%) A-V:  0.003
AV: 00:00:05 / 00:00:10 (59%) A-V: -0.030
[vo/image] Saving /private/tmp/film-barcode-mpv-repro-20261009/frames/00000179.png
AV: 00:00:05 / 00:00:10 (59%) A-V: -0.030
AV: 00:00:05 / 00:00:10 (59%) A-V: -0.021
[vo/image] Saving /private/tmp/film-barcode-mpv-repro-20261009/frames/00000180.png
AV: 00:00:05 / 00:00:10 (59%) A-V: -0.021
Exiting... (Quit)
